root@b56506cb8f04:/# vim sales.csv
root@b56506cb8f04:/# cat sales.csv
Product,Price,Payment_Type,Name,City,State,Country
Product1,1200,Mastercard,carolina,Basildon,England,United Kingdom
Product1,1200,Visa,Betina,Parkville,MO,United States
Product1,1200,Mastercard,Federica e Andrea,Astoria,OR,United States
Product1,1200,Visa,Gouya,Echuca,Victoria,Australia
Product2,3600,Visa,Gerd W ,Cahaba Heights,AL,United States
Product1,1200,Visa,LAURENCE,Mickleton,NJ,United States
Product1,1200,Mastercard,Fleur,Peoria ,IL,United States
Product1,1200,Mastercard,adam,Martin ,TN,United States
Product1,1200,Mastercard,Renee Elisabeth,Tel Aviv,Tel Aviv,Israel
Product1,1200,Visa,Aidan,Chatou,Ile-de-France,France
Product1,1200,Diners,Stacy,New York ,NY,United States
Product1,1200,Amex,Heidi,Eindhoven,Noord-Brabant,Netherlands
Product1,1200,Mastercard,Sean ,Shavano Park,TX,United States
Product1,1200,Visa,Georgia,Eagle,ID,United States
root@b56506cb8f04:/# hdfs dfs -put ./sales.csv /user/root/
root@b56506cb8f04:/# vim salesCSV.pig
root@b56506cb8f04:/# cat salesCSV.pig
-- Load the CSV file
salesTable = LOAD 'hdfs:///user/root/sales.csv' USING PigStorage(',') AS (Product:chararray,Price:chararray,Payment_Type:chararray,Name:chararray,City:chararray,State:chararray,Country:chararray);

-- Group data using the country column

GroupByCountry = GROUP salesTable BY Country;

-- Generate result format

CountByCountry = FOREACH GroupByCountry GENERATE CONCAT((chararray)$0, CONCAT(':', (chararray)COUNT($1)));

-- Save result in HDFS folder

STORE CountByCountry INTO 'salesOutput' USING PigStorage('\t');
root@b56506cb8f04:/# pig salesCSV.pig
2021-09-15 04:46:17,538 INFO pig.ExecTypeProvider: Trying ExecType : LOCAL
2021-09-15 04:46:17,542 INFO pig.ExecTypeProvider: Trying ExecType : MAPREDUCE
2021-09-15 04:46:17,542 INFO pig.ExecTypeProvider: Picked MAPREDUCE as the ExecType
2021-09-15 04:46:17,681 [main] INFO  org.apache.pig.Main - Apache Pig version 0.17.0 (r1797386) compiled Jun 02 2017, 15:41:58
2021-09-15 04:46:17,681 [main] INFO  org.apache.pig.Main - Logging error messages to: //pig_1631681177667.log
2021-09-15 04:46:18,648 [main] INFO  org.apache.pig.impl.util.Utils - Default bootup file /root/.pigbootup not found
2021-09-15 04:46:18,745 [main] INFO  org.apache.hadoop.conf.Configuration.deprecation - mapred.job.tracker is deprecated. Instead, use mapreduce.jobtracker.address
2021-09-15 04:46:18,745 [main] INFO  org.apache.pig.backend.hadoop.executionengine.HExecutionEngine - Connecting to hadoop file system at: hdfs://b56506cb8f04:9000
2021-09-15 04:46:20,021 [main] INFO  org.apache.pig.PigServer - Pig Script ID for the session: PIG-salesCSV.pig-b2558c65-3ac1-4e38-9d01-67439b3a64d2
2021-09-15 04:46:20,021 [main] WARN  org.apache.pig.PigServer - ATS is disabled since yarn.timeline-service.enabled set to false
2021-09-15 04:46:22,056 [main] INFO  org.apache.hadoop.conf.Configuration.deprecation - mapred.textoutputformat.separator is deprecated. Instead, use mapreduce.output.textoutputformat.separator
2021-09-15 04:46:22,111 [main] INFO  org.apache.pig.tools.pigstats.ScriptState - Pig features used in the script: GROUP_BY
2021-09-15 04:46:22,196 [main] INFO  org.apache.pig.data.SchemaTupleBackend - Key [pig.schematuple] was not set... will not generate code.
2021-09-15 04:46:22,339 [main] INFO  org.apache.pig.newplan.logical.optimizer.LogicalPlanOptimizer - {RULES_ENABLED=[AddForEach, ColumnMapKeyPrune, ConstantCalculator, GroupByConstParallelSetter, LimitOptimizer, LoadTypeCastInserter, MergeFilter, MergeForEach, NestedLimitOptimizer, PartitionFilterOptimizer, PredicatePushdownOptimizer, PushDownForEachFlatten, PushUpFilter, SplitFilter, StreamTypeCastInserter]}
2021-09-15 04:46:22,630 [main] INFO  org.apache.pig.impl.util.SpillableMemoryManager - Selected heap (PS Old Gen) of size 699400192 to monitor. collectionUsageThreshold = 489580128, usageThreshold = 489580128
2021-09-15 04:46:22,761 [main] INFO  org.apache.pig.backend.hadoop.executionengine.mapReduceLayer.MRCompiler - File concatenation threshold: 100 optimistic? false
2021-09-15 04:46:22,805 [main] INFO  org.apache.pig.backend.hadoop.executionengine.util.CombinerOptimizerUtil - Choosing to move algebraic foreach to combiner
2021-09-15 04:46:22,878 [main] INFO  org.apache.pig.backend.hadoop.executionengine.mapReduceLayer.MultiQueryOptimizer - MR plan size before optimization: 1
2021-09-15 04:46:22,879 [main] INFO  org.apache.pig.backend.hadoop.executionengine.mapReduceLayer.MultiQueryOptimizer - MR plan size after optimization: 1
2021-09-15 04:46:23,123 [main] INFO  org.apache.hadoop.yarn.client.DefaultNoHARMFailoverProxyProvider - Connecting to ResourceManager at /0.0.0.0:8032
2021-09-15 04:46:23,714 [main] INFO  org.apache.hadoop.conf.Configuration.deprecation - yarn.resourcemanager.system-metrics-publisher.enabled is deprecated. Instead, use yarn.system-metrics-publisher.enabled
2021-09-15 04:46:23,749 [main] INFO  org.apache.pig.tools.pigstats.mapreduce.MRScriptState - Pig script settings are added to the job
2021-09-15 04:46:23,773 [main] INFO  org.apache.hadoop.conf.Configuration.deprecation - mapred.job.reduce.markreset.buffer.percent is deprecated. Instead, use mapreduce.reduce.markreset.buffer.percent
2021-09-15 04:46:23,773 [main] INFO  org.apache.pig.backend.hadoop.executionengine.mapReduceLayer.JobControlCompiler - mapred.job.reduce.markreset.buffer.percent is not set, set to default 0.3
2021-09-15 04:46:23,782 [main] INFO  org.apache.hadoop.conf.Configuration.deprecation - mapred.output.compress is deprecated. Instead, use mapreduce.output.fileoutputformat.compress
2021-09-15 04:46:23,797 [main] INFO  org.apache.pig.backend.hadoop.executionengine.mapReduceLayer.JobControlCompiler - Reduce phase detected, estimating # of required reducers.
2021-09-15 04:46:23,805 [main] INFO  org.apache.pig.backend.hadoop.executionengine.mapReduceLayer.JobControlCompiler - Using reducer estimator: org.apache.pig.backend.hadoop.executionengine.mapReduceLayer.InputSizeReducerEstimator
2021-09-15 04:46:23,863 [main] INFO  org.apache.pig.backend.hadoop.executionengine.mapReduceLayer.InputSizeReducerEstimator - BytesPerReducer=1000000000 maxReducers=999 totalInputFileSize=859
2021-09-15 04:46:23,865 [main] INFO  org.apache.pig.backend.hadoop.executionengine.mapReduceLayer.JobControlCompiler - Setting Parallelism to 1
2021-09-15 04:46:23,868 [main] INFO  org.apache.hadoop.conf.Configuration.deprecation - mapred.reduce.tasks is deprecated. Instead, use mapreduce.job.reduces
2021-09-15 04:46:23,868 [main] INFO  org.apache.pig.backend.hadoop.executionengine.mapReduceLayer.JobControlCompiler - This job cannot be converted run in-process
2021-09-15 04:46:23,966 [main] INFO  org.apache.hadoop.conf.Configuration.deprecation - mapred.submit.replication is deprecated. Instead, use mapreduce.client.submit.file.replication
2021-09-15 04:46:25,109 [main] INFO  org.apache.pig.backend.hadoop.executionengine.mapReduceLayer.JobControlCompiler - Added jar file:/usr/local/pig-0.17.0/pig-0.17.0-core-h2.jar to DistributedCache through /tmp/temp-1333786002/tmp1703013030/pig-0.17.0-core-h2.jar
2021-09-15 04:46:25,215 [main] INFO  org.apache.pig.backend.hadoop.executionengine.mapReduceLayer.JobControlCompiler - Added jar file:/usr/local/pig-0.17.0/lib/automaton-1.11-8.jar to DistributedCache through /tmp/temp-1333786002/tmp131086598/automaton-1.11-8.jar
2021-09-15 04:46:25,712 [main] INFO  org.apache.pig.backend.hadoop.executionengine.mapReduceLayer.JobControlCompiler - Added jar file:/usr/local/pig-0.17.0/lib/antlr-runtime-3.4.jar to DistributedCache through /tmp/temp-1333786002/tmp1328133033/antlr-runtime-3.4.jar
2021-09-15 04:46:25,771 [main] INFO  org.apache.pig.backend.hadoop.executionengine.mapReduceLayer.JobControlCompiler - Added jar file:/usr/local/pig-0.17.0/lib/joda-time-2.9.3.jar to DistributedCache through /tmp/temp-1333786002/tmp650575847/joda-time-2.9.3.jar
2021-09-15 04:46:25,868 [main] INFO  org.apache.pig.backend.hadoop.executionengine.mapReduceLayer.JobControlCompiler - Setting up single store job
2021-09-15 04:46:25,885 [main] INFO  org.apache.pig.data.SchemaTupleFrontend - Key [pig.schematuple] is false, will not generate code.
2021-09-15 04:46:25,885 [main] INFO  org.apache.pig.data.SchemaTupleFrontend - Starting process to move generated code to distributed cacche
2021-09-15 04:46:25,885 [main] INFO  org.apache.pig.data.SchemaTupleFrontend - Setting key [pig.schematuple.classes] with classes to deserialize []
2021-09-15 04:46:26,215 [main] INFO  org.apache.pig.backend.hadoop.executionengine.mapReduceLayer.MapReduceLauncher - 1 map-reduce job(s) waiting for submission.
2021-09-15 04:46:26,255 [JobControl] INFO  org.apache.hadoop.yarn.client.DefaultNoHARMFailoverProxyProvider - Connecting to ResourceManager at /0.0.0.0:8032
2021-09-15 04:46:26,354 [JobControl] INFO  org.apache.hadoop.conf.Configuration.deprecation - mapred.task.id is deprecated. Instead, use mapreduce.task.attempt.id
2021-09-15 04:46:26,685 [JobControl] INFO  org.apache.hadoop.mapreduce.JobResourceUploader - Disabling Erasure Coding for path: /tmp/hadoop-yarn/staging/root/.staging/job_1631676051119_0020
2021-09-15 04:46:26,715 [JobControl] WARN  org.apache.hadoop.mapreduce.JobResourceUploader - No job jar file set.  User classes may not be found. See Job or Job#setJar(String).
2021-09-15 04:46:26,772 [JobControl] INFO  org.apache.pig.builtin.PigStorage - Using PigTextInputFormat
2021-09-15 04:46:26,796 [JobControl] INFO  org.apache.hadoop.mapreduce.lib.input.FileInputFormat - Total input files to process : 1
2021-09-15 04:46:26,796 [JobControl] INFO  org.apache.pig.backend.hadoop.executionengine.util.MapRedUtil - Total input paths to process : 1
2021-09-15 04:46:26,876 [JobControl] INFO  org.apache.pig.backend.hadoop.executionengine.util.MapRedUtil - Total input paths (combined) to process : 1
2021-09-15 04:46:27,021 [JobControl] INFO  org.apache.hadoop.mapreduce.JobSubmitter - number of splits:1
2021-09-15 04:46:27,296 [JobControl] INFO  org.apache.hadoop.conf.Configuration.deprecation - yarn.resourcemanager.system-metrics-publisher.enabled is deprecated. Instead, use yarn.system-metrics-publisher.enabled
2021-09-15 04:46:27,610 [JobControl] INFO  org.apache.hadoop.mapreduce.JobSubmitter - Submitting tokens for job: job_1631676051119_0020
2021-09-15 04:46:27,610 [JobControl] INFO  org.apache.hadoop.mapreduce.JobSubmitter - Executing with tokens: []
2021-09-15 04:46:27,973 [JobControl] INFO  org.apache.hadoop.mapred.YARNRunner - Job jar is not present. Not adding any jar to the list of resources.
2021-09-15 04:46:28,137 [JobControl] INFO  org.apache.hadoop.conf.Configuration - resource-types.xml not found
2021-09-15 04:46:28,139 [JobControl] INFO  org.apache.hadoop.yarn.util.resource.ResourceUtils - Unable to find 'resource-types.xml'.
2021-09-15 04:46:28,324 [JobControl] INFO  org.apache.hadoop.yarn.client.api.impl.YarnClientImpl - Submitted application application_1631676051119_0020
2021-09-15 04:46:28,442 [JobControl] INFO  org.apache.hadoop.mapreduce.Job - The url to track the job: http://b56506cb8f04:8088/proxy/application_1631676051119_0020/
2021-09-15 04:46:28,443 [main] INFO  org.apache.pig.backend.hadoop.executionengine.mapReduceLayer.MapReduceLauncher - HadoopJobId: job_1631676051119_0020
2021-09-15 04:46:28,443 [main] INFO  org.apache.pig.backend.hadoop.executionengine.mapReduceLayer.MapReduceLauncher - Processing aliases CountByCountry,GroupByCountry,salesTable
2021-09-15 04:46:28,444 [main] INFO  org.apache.pig.backend.hadoop.executionengine.mapReduceLayer.MapReduceLauncher - detailed locations: M: salesTable[2,13],salesTable[-1,-1],CountByCountry[10,17],GroupByCountry[6,17] C: CountByCountry[10,17],GroupByCountry[6,17] R: CountByCountry[10,17]
2021-09-15 04:46:28,470 [main] INFO  org.apache.pig.backend.hadoop.executionengine.mapReduceLayer.MapReduceLauncher - 0% complete
2021-09-15 04:46:28,471 [main] INFO  org.apache.pig.backend.hadoop.executionengine.mapReduceLayer.MapReduceLauncher - Running jobs are [job_1631676051119_0020]
2021-09-15 04:46:52,718 [main] INFO  org.apache.pig.backend.hadoop.executionengine.mapReduceLayer.MapReduceLauncher - 50% complete
2021-09-15 04:46:52,722 [main] INFO  org.apache.pig.backend.hadoop.executionengine.mapReduceLayer.MapReduceLauncher - Running jobs are [job_1631676051119_0020]
2021-09-15 04:47:03,752 [main] INFO  org.apache.pig.backend.hadoop.executionengine.mapReduceLayer.MapReduceLauncher - Running jobs are [job_1631676051119_0020]
2021-09-15 04:47:08,779 [main] INFO  org.apache.hadoop.yarn.client.DefaultNoHARMFailoverProxyProvider - Connecting to ResourceManager at /0.0.0.0:8032
2021-09-15 04:47:08,799 [main] INFO  org.apache.hadoop.mapred.ClientServiceDelegate - Application state is completed. FinalApplicationStatus=SUCCEEDED. Redirecting to job history server
2021-09-15 04:47:09,108 [main] INFO  org.apache.hadoop.yarn.client.DefaultNoHARMFailoverProxyProvider - Connecting to ResourceManager at /0.0.0.0:8032
2021-09-15 04:47:09,123 [main] INFO  org.apache.hadoop.mapred.ClientServiceDelegate - Application state is completed. FinalApplicationStatus=SUCCEEDED. Redirecting to job history server
2021-09-15 04:47:09,190 [main] INFO  org.apache.hadoop.yarn.client.DefaultNoHARMFailoverProxyProvider - Connecting to ResourceManager at /0.0.0.0:8032
2021-09-15 04:47:09,206 [main] INFO  org.apache.hadoop.mapred.ClientServiceDelegate - Application state is completed. FinalApplicationStatus=SUCCEEDED. Redirecting to job history server
2021-09-15 04:47:09,362 [main] INFO  org.apache.pig.backend.hadoop.executionengine.mapReduceLayer.MapReduceLauncher - 100% complete
2021-09-15 04:47:09,382 [main] INFO  org.apache.pig.tools.pigstats.mapreduce.SimplePigStats - Script Statistics:

HadoopVersion   PigVersion      UserId  StartedAt       FinishedAt      Features
3.3.1   0.17.0  root    2021-09-15 04:46:23     2021-09-15 04:47:09     GROUP_BY

Success!

Job Stats (time in seconds):
JobId   Maps    Reduces MaxMapTime      MinMapTime      AvgMapTime      MedianMapTime   MaxReduceTime   MinReduceTime   AvgReduceTime   MedianReducetime        Alias   Feature Outputs
job_1631676051119_0020  1       1       6       6       6       6       7       7       7       7       CountByCountry,GroupByCountry,salesTable        GROUP_BY,COMBINER       hdfs://b56506cb8f04:9000/user/root/salesOutput,

Input(s):
Successfully read 15 records (1230 bytes) from: "hdfs:///user/root/sales.csv"

Output(s):
Successfully stored 7 records (87 bytes) in: "hdfs://b56506cb8f04:9000/user/root/salesOutput"

Counters:
Total records written : 7
Total bytes written : 87
Spillable Memory Manager spill count : 0
Total bags proactively spilled: 0
Total records proactively spilled: 0

Job DAG:
job_1631676051119_0020


2021-09-15 04:47:09,395 [main] INFO  org.apache.hadoop.yarn.client.DefaultNoHARMFailoverProxyProvider - Connecting to ResourceManager at /0.0.0.0:8032
2021-09-15 04:47:09,412 [main] INFO  org.apache.hadoop.mapred.ClientServiceDelegate - Application state is completed. FinalApplicationStatus=SUCCEEDED. Redirecting to job history server
2021-09-15 04:47:09,481 [main] INFO  org.apache.hadoop.yarn.client.DefaultNoHARMFailoverProxyProvider - Connecting to ResourceManager at /0.0.0.0:8032
2021-09-15 04:47:09,501 [main] INFO  org.apache.hadoop.mapred.ClientServiceDelegate - Application state is completed. FinalApplicationStatus=SUCCEEDED. Redirecting to job history server
2021-09-15 04:47:09,572 [main] INFO  org.apache.hadoop.yarn.client.DefaultNoHARMFailoverProxyProvider - Connecting to ResourceManager at /0.0.0.0:8032
2021-09-15 04:47:09,592 [main] INFO  org.apache.hadoop.mapred.ClientServiceDelegate - Application state is completed. FinalApplicationStatus=SUCCEEDED. Redirecting to job history server
2021-09-15 04:47:09,676 [main] INFO  org.apache.pig.backend.hadoop.executionengine.mapReduceLayer.MapReduceLauncher - Success!
2021-09-15 04:47:09,776 [main] INFO  org.apache.pig.Main - Pig script completed in 52 seconds and 380 milliseconds (52380 ms)
root@b56506cb8f04:/# hdfs dfs -cat /user/root/salesOutput/part-r-00000
France:1
Israel:1
Country:1
Australia:1
Netherlands:1
United States:9
United Kingdom:1
root@b56506cb8f04:/#